[2026-08-11 12:01:41] Spotify Voice starting
[2026-08-11 12:01:45] Microphone: Microsoft Sound Mapper - Input index: 0 sample rate: 44100
[2026-08-11 12:01:46] Spotify Voice Basic is running.
[2026-08-11 12:01:46] Microphone stream opened
[2026-08-11 12:54:49] Recognized: no
[2026-08-11 12:54:54] Recognized: the twenty [unk]
[2026-08-11 12:54:58] Recognized: тише на пять
[2026-08-11 12:55:04] Recognized: дальше
[2026-08-11 12:55:09] Recognized: [unk] [unk]
[2026-08-11 12:55:15] Recognized: [unk] no [unk]
[2026-08-11 12:55:15] Recognized: на
[2026-08-11 12:55:29] Recognized: [unk] the app
[2026-08-11 12:55:34] Recognized: [unk] [unk]
[2026-08-11 12:55:39] Recognized: [unk] [unk] [unk]
[2026-08-11 12:55:45] Recognized: [unk] [unk]
[2026-08-11 12:55:50] Recognized: [unk] [unk]
[2026-08-11 12:55:52] Recognized: пятьдесят
[2026-08-11 12:55:55] Recognized: [unk] [unk]
[2026-08-11 12:55:56] Recognized: на пятьдесят
[2026-08-11 12:56:00] Recognized: [unk] [unk]
[2026-08-11 12:56:02] Recognized: прошлый
[2026-08-11 12:56:10] Recognized: [unk] [unk]
[2026-08-11 12:56:11] Recognized: play
[2026-08-11 12:56:16] Recognized: [unk] [unk]
[2026-08-11 12:56:19] Recognized: no louder [unk]
[2026-08-11 12:56:26] Recognized: the [unk]
[2026-08-11 12:56:32] Recognized: дальше
[2026-08-11 12:56:35] Recognized: тише десять
[2026-08-11 12:56:41] Recognized: [unk] [unk] [unk]
[2026-08-11 12:56:41] Recognized: пять
[2026-08-11 12:56:42] Recognized: fifty
[2026-08-11 12:56:48] Recognized: уменьши
[2026-08-11 12:56:57] Recognized: [unk] [unk]
[2026-08-11 12:56:57] Executed: музыка стоп
[2026-08-11 12:57:01] Recognized: на
[2026-08-11 12:57:07] Recognized: [unk] [unk]
[2026-08-11 12:57:12] Recognized: [unk] [unk]
[2026-08-11 12:57:17] Recognized: [unk] [unk]
[2026-08-11 12:57:22] Recognized: [unk] [unk]
[2026-08-11 12:57:32] Recognized: дальше
[2026-08-11 12:57:37] Recognized: на
[2026-08-11 12:57:42] Recognized: no [unk]
[2026-08-11 12:57:47] Recognized: [unk] [unk]
[2026-08-11 12:57:47] Recognized: продолжи
[2026-08-11 12:57:53] Recognized: [unk] [unk] down [unk]
[2026-08-11 12:57:54] Recognized: десять
[2026-08-11 12:57:58] Recognized: [unk] [unk] the [unk]
[2026-08-11 12:58:03] Recognized: [unk] [unk] [unk]
[2026-08-11 12:58:04] Recognized: на десять
[2026-08-11 12:58:06] Recognized: на звук
[2026-08-11 12:58:08] Recognized: [unk] [unk] [unk]
[2026-08-11 12:58:09] Recognized: ten
[2026-08-11 12:58:13] Recognized: no mute [unk]
[2026-08-11 12:58:16] Recognized: на
[2026-08-11 12:58:18] Recognized: [unk] [unk]
[2026-08-11 12:58:23] Recognized: [unk] [unk]
[2026-08-11 12:58:28] Recognized: [unk] [unk]
[2026-08-11 12:58:29] Recognized: выключи
[2026-08-11 12:58:33] Recognized: пять выключи
[2026-08-11 12:58:39] Recognized: [unk] [unk] [unk]
[2026-08-11 12:58:44] Recognized: [unk] [unk]
[2026-08-11 12:58:46] Recognized: the app [unk]
[2026-08-11 12:58:51] Recognized: [unk] [unk] [unk]
[2026-08-11 12:58:51] Recognized: на двадцать
[2026-08-11 12:58:55] Recognized: на на прошлый
[2026-08-11 12:58:56] Recognized: [unk] [unk]
[2026-08-11 12:59:00] Recognized: десять
[2026-08-11 12:59:01] Recognized: [unk] [unk]
[2026-08-11 12:59:06] Recognized: [unk] [unk]
[2026-08-11 12:59:09] Recognized: на ноль
[2026-08-11 12:59:11] Recognized: [unk] [unk]
[2026-08-11 12:59:14] Recognized: ноль
[2026-08-11 12:59:16] Recognized: [unk] [unk]
[2026-08-11 12:59:19] Recognized: десять
[2026-08-11 12:59:22] Recognized: [unk] [unk]
[2026-08-11 12:59:27] Recognized: [unk] [unk]
[2026-08-11 12:59:37] Recognized: [unk] [unk]
[2026-08-11 12:59:37] Recognized: на [unk]
[2026-08-11 12:59:42] Recognized: [unk] [unk]
[2026-08-11 12:59:42] Recognized: [unk] [unk]
[2026-08-11 12:59:47] Recognized: двадцать
[2026-08-11 12:59:52] Recognized: пятьдесят
[2026-08-11 12:59:56] Recognized: назад
[2026-08-11 12:59:57] Recognized: [unk] [unk] [unk]
[2026-08-11 12:59:59] Recognized: дальше на ноль
[2026-08-11 13:00:02] Recognized: [unk] [unk]
[2026-08-11 13:00:05] Recognized: без
[2026-08-11 13:00:07] Recognized: [unk] [unk]
[2026-08-11 13:00:09] Recognized: уменьши
[2026-08-11 13:00:12] Recognized: [unk] [unk] [unk]
[2026-08-11 13:00:17] Recognized: [unk] [unk]
[2026-08-11 13:00:24] Recognized: пауза
[2026-08-11 13:00:30] Recognized: [unk] [unk]
[2026-08-11 13:00:35] Recognized: [unk] [unk]
[2026-08-11 13:00:35] Recognized: пятьдесят
[2026-08-11 13:00:40] Recognized: [unk] [unk]
[2026-08-11 13:00:45] Recognized: [unk] [unk] louder [unk]
[2026-08-11 13:00:50] Recognized: [unk] [unk]
[2026-08-11 13:00:55] Recognized: [unk] [unk]
[2026-08-11 13:00:55] Recognized: на стоп
[2026-08-11 13:00:57] Recognized: десять
[2026-08-11 13:01:00] Recognized: twenty mute [unk]
[2026-08-11 13:01:02] Recognized: на
[2026-08-11 13:01:04] Recognized: на на
[2026-08-11 13:01:05] Recognized: [unk] [unk]
[2026-08-11 13:01:09] Recognized: пять
[2026-08-11 13:01:10] Recognized: [unk] [unk]
[2026-08-11 13:01:20] Recognized: the the [unk]
[2026-08-11 13:01:25] Recognized: [unk] [unk]
[2026-08-11 13:02:16] Recognized: на
[2026-08-11 13:02:26] Recognized: [unk] [unk]
[2026-08-11 13:02:31] Recognized: [unk] [unk]
[2026-08-11 13:02:31] Recognized: десять
[2026-08-11 13:02:32] Recognized: louder
[2026-08-11 13:02:36] Recognized: стоп
[2026-08-11 13:02:37] Recognized: [unk] [unk]
[2026-08-11 13:02:42] Recognized: [unk] [unk]
[2026-08-11 13:02:44] Recognized: без
[2026-08-11 13:02:47] Recognized: [unk] [unk]
[2026-08-11 13:02:47] Recognized: на тише
[2026-08-11 13:02:53] Recognized: up close [unk]
[2026-08-11 13:02:54] Recognized: mute [unk]
[2026-08-11 13:02:59] Recognized: [unk] [unk] [unk]
[2026-08-11 13:03:00] Recognized: громкость на
[2026-08-11 13:03:04] Recognized: [unk] the
[2026-08-11 13:03:15] Recognized: [unk] [unk] [unk]
[2026-08-11 13:03:20] Recognized: [unk] [unk]
[2026-08-11 13:03:22] Recognized: пять
[2026-08-11 13:03:24] Recognized: без
[2026-08-11 13:03:25] Recognized: [unk] [unk] [unk]
[2026-08-11 13:03:29] Recognized: на играй
[2026-08-11 13:03:30] Recognized: [unk] [unk]
[2026-08-11 13:03:35] Recognized: [unk] [unk]
[2026-08-11 13:03:37] Recognized: пять
[2026-08-11 13:03:50] Recognized: [unk] [unk]
[2026-08-11 13:03:55] Recognized: [unk] [unk] [unk]
[2026-08-11 13:04:18] Recognized: звука
[2026-08-11 13:04:20] Recognized: [unk] [unk] [unk]
[2026-08-11 13:04:25] Recognized: [unk] [unk]
[2026-08-11 13:04:29] Recognized: стоп
[2026-08-11 13:04:31] Recognized: [unk] no [unk]
[2026-08-11 13:04:36] Recognized: [unk] [unk] [unk] [unk]
[2026-08-11 13:04:51] Recognized: no the [unk] [unk] [unk]
[2026-08-11 13:04:52] Recognized: no the [unk]
[2026-08-11 13:04:56] Recognized: на
[2026-08-11 13:04:57] Recognized: [unk] [unk]
[2026-08-11 13:04:59] Recognized: приложение приложение
[2026-08-11 13:05:02] Recognized: [unk] [unk] [unk]
[2026-08-11 13:05:05] Recognized: [unk] mute
[2026-08-11 13:05:17] Recognized: down
[2026-08-11 13:05:21] Recognized: десять
[2026-08-11 13:05:22] Recognized: [unk] [unk]
[2026-08-11 13:05:25] Recognized: на десять
[2026-08-11 13:05:27] Recognized: [unk] [unk]
[2026-08-11 13:05:29] Recognized: [unk] the [unk]
[2026-08-11 13:05:32] Recognized: увеличь
[2026-08-11 13:05:34] Recognized: [unk] [unk]
[2026-08-11 13:05:38] Recognized: пять
[2026-08-11 13:05:52] Recognized: no [unk]
[2026-08-11 13:06:18] Recognized: louder
[2026-08-11 13:06:18] Recognized: ноль
[2026-08-11 13:06:23] Recognized: [unk] [unk] [unk]
[2026-08-11 13:06:32] Recognized: spotify
[2026-08-11 13:06:32] Executed: spotify
[2026-08-11 13:06:40] Recognized: mute
[2026-08-11 13:06:47] Recognized: mute
[2026-08-11 13:06:52] Recognized: [unk] [unk] [unk]
[2026-08-11 13:06:58] Recognized: spotify
[2026-08-11 13:06:58] Executed: spotify
[2026-08-11 13:07:03] Recognized: louder mute
[2026-08-11 13:07:08] Recognized: [unk] [unk]
[2026-08-11 13:07:12] Recognized: [unk] [unk] down twenty stop
[2026-08-11 13:07:12] Recognized: стоп
[2026-08-11 13:07:17] Recognized: [unk] [unk] [unk]
[2026-08-11 13:07:20] Recognized: музыка уменьши на музыка играй
[2026-08-11 13:07:25] Recognized: музыка тише
[2026-08-11 13:07:27] Recognized: музыка десять
[2026-08-11 13:07:35] Recognized: [unk] [unk]
[2026-08-11 13:07:45] Recognized: mute
[2026-08-11 13:07:50] Recognized: [unk] [unk]
[2026-08-11 13:07:52] Recognized: приложение
[2026-08-11 13:10:24] Recognized: up
[2026-08-11 13:10:40] Recognized: [unk] [unk]
[2026-08-11 13:10:44] Recognized: десять
[2026-08-11 13:10:45] Recognized: [unk] [unk]
[2026-08-11 13:10:50] Recognized: [unk] [unk]
[2026-08-11 13:10:55] Recognized: [unk] no
[2026-08-11 13:10:59] Recognized: пять
[2026-08-11 13:11:00] Recognized: [unk] [unk]
[2026-08-11 13:11:03] Recognized: на
[2026-08-11 13:11:03] Recognized: louder [unk]
[2026-08-11 13:11:07] Executed: музыка прошлый
[2026-08-11 13:11:10] Recognized: стоп на
[2026-08-11 13:11:22] Recognized: [unk] [unk] [unk]
[2026-08-11 13:11:43] Recognized: no
[2026-08-11 13:11:47] Recognized: the
[2026-08-11 13:11:51] Recognized: на ноль
[2026-08-11 13:11:59] Recognized: no
[2026-08-11 13:12:07] Recognized: двадцать
[2026-08-11 13:12:20] Recognized: прошлый
[2026-08-11 13:12:23] Recognized: [unk] stop [unk]
[2026-08-11 13:12:23] Recognized: стоп пятьдесят
[2026-08-11 13:12:26] Recognized: на
[2026-08-11 13:12:28] Recognized: [unk] [unk]
[2026-08-11 13:12:32] Recognized: на десять
[2026-08-11 13:12:35] Recognized: пауза следующий
[2026-08-11 13:12:38] Recognized: [unk] [unk] [unk]
[2026-08-11 13:12:40] Recognized: пять
[2026-08-11 13:12:43] Recognized: пятьдесят
[2026-08-11 13:12:44] Recognized: [unk] [unk]
[2026-08-11 13:12:47] Recognized: десять пауза
[2026-08-11 13:13:07] Recognized: на десять
[2026-08-11 13:13:09] Recognized: [unk] [unk] [unk]
[2026-08-11 13:13:12] Recognized: ноль
[2026-08-11 13:13:14] Recognized: [unk] [unk]
[2026-08-11 13:13:15] Recognized: на
[2026-08-11 13:13:19] Recognized: [unk] [unk]
[2026-08-11 13:13:21] Recognized: down mute
[2026-08-11 13:13:22] Executed: музыка продолжи
[2026-08-11 13:13:30] Recognized: на десять
[2026-08-11 13:13:30] Voice listening stopped from tray
[2026-08-11 13:13:30] Microphone stream closed
[2026-08-11 15:11:10] Exit requested from tray
